// Jest Snapshot v1, https://goo.gl/fbAQLP

exports[`Main should render Nav component 1`] = `
<div>
  <Translate(Nav) />
</div>
`;
